../Core/Src/main.c:100:5:main	48	static
../Core/Src/main.c:222:6:SystemClock_Config	88	static
../Core/Src/main.c:266:13:MX_ADC1_Init	24	static
../Core/Src/main.c:313:13:MX_ADC2_Init	24	static
../Core/Src/main.c:360:13:MX_I2C1_Init	8	static
../Core/Src/main.c:394:13:MX_TIM2_Init	32	static
../Core/Src/main.c:439:13:MX_GPIO_Init	32	static
../Core/Src/main.c:478:7:Read_MQ135_CO2	56	static
../Core/Src/main.c:502:7:Read_GP2Y1014	48	static
../Core/Src/main.c:535:6:HAL_TIM_PeriodElapsedCallback	16	static
../Core/Src/main.c:551:6:DWT_Delay_Init	4	static
../Core/Src/main.c:558:6:HAL_DelayMicroseconds	24	static
../Core/Src/main.c:570:6:Error_Handler	4	static,ignoring_inline_asm
